Advanced options for Ubuntu>Ubuntu, with Linux 4.14.0-041400-generic: 4.14.0
Advanced options for Ubuntu>Ubuntu, with Linux 4.13.16-041316-generic: 4.13.16
Advanced options for Ubuntu>Ubuntu, with Linux 4.12.0-041200-generic: 4.12.0
Advanced options for Ubuntu>Ubuntu, with Linux 4.11.0-041100-generic: 4.11.0
Advanced options for Ubuntu>Ubuntu, with Linux 4.10.0-041000-generic: 4.10.0
Advanced options for Ubuntu>Ubuntu, with Linux 4.9.0-040900-generic: 4.9.0
Advanced options for Ubuntu>Ubuntu, with Linux 4.8.0-040800-generic: 4.8.0
Advanced options for Ubuntu>Ubuntu, with Linux 4.7.0-040700-generic: 4.7.0
Advanced options for Ubuntu>Ubuntu, with Linux 4.6.3-040603-generic: 4.6.3
Advanced options for Ubuntu>Ubuntu, with Linux 4.5.7-040507-generic: 4.5.7
Advanced options for Ubuntu>Ubuntu, with Linux 4.4.0-104-generic: 4.4.0
Advanced options for Ubuntu>Ubuntu, with Linux 4.3.6-040306-generic: 4.3.6
Advanced options for Ubuntu>Ubuntu, with Linux 4.2.8-040208-generic: 4.2.8
Advanced options for Ubuntu>Ubuntu, with Linux 4.1.48-040148-generic: 4.1.48
Advanced options for Ubuntu>Ubuntu, with Linux 4.0.9-040009-generic: 4.0.9
Advanced options for Ubuntu>Ubuntu, with Linux 3.19.8-031908-generic: 3.19.8
Advanced options for Ubuntu>Ubuntu, with Linux 3.18.89-031889-generic: 3.18.89
Advanced options for Ubuntu>Ubuntu, with Linux 3.17.8-031708-generic: 3.17.8
Advanced options for Ubuntu>Ubuntu, with Linux 3.16.51-031651-generic: 3.16.51
Advanced options for Ubuntu>Ubuntu, with Linux 3.15.10-031510-generic: 3.15.10
Advanced options for Ubuntu>Ubuntu, with Linux 3.14.79-031479-generic: 3.14.79
Advanced options for Ubuntu>Ubuntu, with Linux 3.13.11-03131111-generic: 3.13.11
Advanced options for Ubuntu>Ubuntu, with Linux 3.12.74-031274-generic: 3.12.74
Advanced options for Ubuntu>Ubuntu, with Linux 3.11.10-03111015-generic: 3.11.10
Advanced options for Ubuntu>Ubuntu, with Linux 3.10.108-0310108-generic: 3.10.108
Advanced options for Ubuntu>Ubuntu, with Linux 3.9.11-030911-generic: 3.9.11
Advanced options for Ubuntu>Ubuntu, with Linux 3.8.13-03081328-generic: 3.8.13
Advanced options for Ubuntu>Ubuntu, with Linux 3.7.10-030710-generic: 3.7.10
Advanced options for Ubuntu>Ubuntu, with Linux 3.6.11-030611-generic: 3.6.11
Advanced options for Ubuntu>Ubuntu, with Linux 3.5.7-03050733-generic: 3.5.7
Advanced options for Ubuntu>Ubuntu, with Linux 3.4.110-0304110-generic: 3.4.110
Advanced options for Ubuntu>Ubuntu, with Linux 3.3.8-030308-generic: 3.3.8
Advanced options for Ubuntu>Ubuntu, with Linux 3.2.96-030296-generic: 3.2.96